FROM test:latest

USER test

COPY --from=build . app

ARG args=args
ARG UID=1000
ARG GID=1000

ENV env=env

RUN --mount=type=cache,id=cache-tdnf-${TARGETARCH},target=/var/cache/tdnf,sharing=locked \
    set -eux ; \
    addgroup --gid 1000 test ; \
    mkdir -p /test ; \
    adduser --ingroup test --disabled-password --gecos "" --uid 1000 --home /test --shell /bin/sh test ; \
    chown -R test:test /test ; \
    tdnf install -y --best --refresh --noplugins --setopt=install_weak_deps=0 --setopt=keepcache=1 some ; \
    some ; \
    echo No cleanup

ENV env=""