USER test

COPY --from=build . app

ARG args=args
ARG UID=1000
ARG GID=1000

ENV env=env

RUN --mount=type=cache,id=cache-apt-${TARGETARCH},target=/var/cache/apt,sharing=locked \
    --mount=type=cache,id=lib-apt-${TARGETARCH},target=/var/lib/apt,sharing=locked \
    set -eux ; \
    addgroup --gid 1000 test ; \
    mkdir -p /test ; \
    adduser --ingroup test --disabled-password --gecos "" --uid 1000 --home /test --shell /bin/sh test ; \
    chown -R test:test /test ; \
    DEBIAN_FRONTEND=noninteractive apt-get install -y --no-install-recommends some ; \
    apk fetch -R some ; \
    DEBIAN_FRONTEND=noninteractive apt-get purge -y --auto-remove ; \
    find /usr -name '*.pyc' -type f -exec bash -c 'for pyc; do dpkg -S "$pyc" &> /dev/null || rm -vf "$pyc"; done' -- '{}' +  ; \
    rm -rf /var/lib/apt/lists/*

ENV env=""