RUN --mount=type=cache,id=cache-apt-${TARGETARCH},target=/var/cache/apt,sharing=locked \
    --mount=type=cache,id=lib-apt-${TARGETARCH},target=/var/lib/apt,sharing=locked \
    set -eux ; \
    DEBIAN_FRONTEND=noninteractive apt-get install -y --no-install-recommends some ; \
    DEBIAN_FRONTEND=noninteractive apt-get purge -y --auto-remove ; \
    find /usr -name '*.pyc' -type f -exec bash -c 'for pyc; do dpkg -S "$pyc" &> /dev/null || rm -vf "$pyc"; done' -- '{}' +  ; \
    rm -rf /var/lib/apt/lists/*